main.c:196:9:u8x8_gpio_and_delay_8080	8	static
main.c:110:5:_write	8	static
main.c:128:6:user_delay_ms	0	static
main.c:137:6:send_8080_data_delay_100u	0	static
main.c:144:6:send_8080_data	24	static
main.c:168:9:u8x8_byte_8080	8	static
main.c:342:6:display_update	120	static
main.c:634:6:SystemClock_Config	80	static
main.c:417:5:main	56	static
main.c:889:6:HAL_CAN_TxMailbox0CompleteCallback	0	static
main.c:896:6:HAL_CAN_RxFifo0MsgPendingCallback	24	static
main.c:931:6:HAL_TIM_PeriodElapsedCallback	12	static
main.c:972:6:Error_Handler	0	static
